// Jest Snapshot v1, https://goo.gl/fbAQLP

exports[`renders learn react link 1`] = `
Object {
  "asFragment": [Function],
  "baseElement": <body
    data-aos-delay="0"
    data-aos-duration="2000"
    data-aos-easing="ease"
  >
    <div>
      <div
        class="App"
      >
        <nav
          class="navbar navbar navbar-expand navbar-dark bg-dark"
        >
          <span
            class="navbar-brand"
            href=""
          >
            Final Project
          </span>
          <button
            aria-controls="basic-navbar-nav"
            aria-label="Toggle navigation"
            class="navbar-toggler collapsed"
            type="button"
          >
            <span
              class="navbar-toggler-icon"
            />
          </button>
          <div
            class="navbar-collapse collapse"
            id="basic-navbar-nav"
          >
            <div
              class="mr-auto navbar-nav"
            >
              <a
                class="nav-link"
                data-rb-event-key="/"
                href="/"
              >
                Home
              </a>
              <a
                class="nav-link"
                data-rb-event-key="/vehicle-search"
                href="/vehicle-search"
              >
                Vehicle Search
              </a>
              <a
                class="nav-link"
                data-rb-event-key="/name-search"
                href="/name-search"
              >
                Name Search
              </a>
            </div>
          </div>
        </nav>
        <div
          class="container"
        >
          <div
            class="Boxy"
          >
            <div
              class="grids"
            >
              <div
                class="boxes"
              >
                <h1>
                  <br />
                  <strong>
                     Welcome 
                  </strong>
                </h1>
                <br />
                <h3>
                  This application can be used to search for persons of interest using name or vehicle registration details
                </h3>
                <br />
                <h5>
                  Scroll down for more information
                </h5>
              </div>
              <div
                class="b1"
              >
                <h4>
                  <br />
                  <br />
                  <strong>
                    How to use: 
                  </strong>
                  <br />
                  <br />
                  Direct to vehicle or name search using the Navigation Bar at the top of this page
                  <br />
                  <br />
                  When redirected, input known information and submit
                  <br />
                  <br />
                  You will then be redirected to a page containing further information on that person
                </h4>
              </div>
              <div
                class="b2 aos-init aos-animate"
                data-aos="fade-up"
              >
                <h4>
                  <br />
                  <br />
                  <strong>
                     Application created by:
                  </strong>
                  <br />
                  <br />
                  Cara Prestwich
                  <br />
                  Junaid Sidat
                  <br />
                  Joseph Woodward
                  <br />
                  Emily Nixon
                  <br />
                  Emma Gray
                  <br />
                  <br />
                  NSAC 2021
                </h4>
              </div>
            </div>
          </div>
        </div>
      </div>
    </div>
  </body>,
  "container": <div>
    <div
      class="App"
    >
      <nav
        class="navbar navbar navbar-expand navbar-dark bg-dark"
      >
        <span
          class="navbar-brand"
          href=""
        >
          Final Project
        </span>
        <button
          aria-controls="basic-navbar-nav"
          aria-label="Toggle navigation"
          class="navbar-toggler collapsed"
          type="button"
        >
          <span
            class="navbar-toggler-icon"
          />
        </button>
        <div
          class="navbar-collapse collapse"
          id="basic-navbar-nav"
        >
          <div
            class="mr-auto navbar-nav"
          >
            <a
              class="nav-link"
              data-rb-event-key="/"
              href="/"
            >
              Home
            </a>
            <a
              class="nav-link"
              data-rb-event-key="/vehicle-search"
              href="/vehicle-search"
            >
              Vehicle Search
            </a>
            <a
              class="nav-link"
              data-rb-event-key="/name-search"
              href="/name-search"
            >
              Name Search
            </a>
          </div>
        </div>
      </nav>
      <div
        class="container"
      >
        <div
          class="Boxy"
        >
          <div
            class="grids"
          >
            <div
              class="boxes"
            >
              <h1>
                <br />
                <strong>
                   Welcome 
                </strong>
              </h1>
              <br />
              <h3>
                This application can be used to search for persons of interest using name or vehicle registration details
              </h3>
              <br />
              <h5>
                Scroll down for more information
              </h5>
            </div>
            <div
              class="b1"
            >
              <h4>
                <br />
                <br />
                <strong>
                  How to use: 
                </strong>
                <br />
                <br />
                Direct to vehicle or name search using the Navigation Bar at the top of this page
                <br />
                <br />
                When redirected, input known information and submit
                <br />
                <br />
                You will then be redirected to a page containing further information on that person
              </h4>
            </div>
            <div
              class="b2 aos-init aos-animate"
              data-aos="fade-up"
            >
              <h4>
                <br />
                <br />
                <strong>
                   Application created by:
                </strong>
                <br />
                <br />
                Cara Prestwich
                <br />
                Junaid Sidat
                <br />
                Joseph Woodward
                <br />
                Emily Nixon
                <br />
                Emma Gray
                <br />
                <br />
                NSAC 2021
              </h4>
            </div>
          </div>
        </div>
      </div>
    </div>
  </div>,
  "debug": [Function],
  "findAllByAltText": [Function],
  "findAllByDisplayValue": [Function],
  "findAllByLabelText": [Function],
  "findAllByPlaceholderText": [Function],
  "findAllByRole": [Function],
  "findAllByTestId": [Function],
  "findAllByText": [Function],
  "findAllByTitle": [Function],
  "findByAltText": [Function],
  "findByDisplayValue": [Function],
  "findByLabelText": [Function],
  "findByPlaceholderText": [Function],
  "findByRole": [Function],
  "findByTestId": [Function],
  "findByText": [Function],
  "findByTitle": [Function],
  "getAllByAltText": [Function],
  "getAllByDisplayValue": [Function],
  "getAllByLabelText": [Function],
  "getAllByPlaceholderText": [Function],
  "getAllByRole": [Function],
  "getAllByTestId": [Function],
  "getAllByText": [Function],
  "getAllByTitle": [Function],
  "getByAltText": [Function],
  "getByDisplayValue": [Function],
  "getByLabelText": [Function],
  "getByPlaceholderText": [Function],
  "getByRole": [Function],
  "getByTestId": [Function],
  "getByText": [Function],
  "getByTitle": [Function],
  "queryAllByAltText": [Function],
  "queryAllByDisplayValue": [Function],
  "queryAllByLabelText": [Function],
  "queryAllByPlaceholderText": [Function],
  "queryAllByRole": [Function],
  "queryAllByTestId": [Function],
  "queryAllByText": [Function],
  "queryAllByTitle": [Function],
  "queryByAltText": [Function],
  "queryByDisplayValue": [Function],
  "queryByLabelText": [Function],
  "queryByPlaceholderText": [Function],
  "queryByRole": [Function],
  "queryByTestId": [Function],
  "queryByText": [Function],
  "queryByTitle": [Function],
  "rerender": [Function],
  "unmount": [Function],
}
`;
